 Container hg-pd0  Running
 Container hg-pd2  Running
 Container hg-pd1  Running
 Container hg-store2  Running
 Container hg-store1  Running
 Container hg-server2  Running
 Container hg-server0  Running
 Container hg-server1  Running
 Container hg-pd0  Waiting
 Container hg-pd1  Waiting
 Container hg-pd2  Waiting
 Container hg-pd0  Waiting
 Container hg-pd1  Waiting
 Container hg-pd2  Waiting
 Container hg-pd1  Waiting
 Container hg-pd2  Waiting
 Container hg-pd0  Waiting
 Container hg-pd1  Healthy
 Container hg-pd2  Healthy
 Container hg-pd1  Healthy
 Container hg-pd0  Healthy
 Container hg-pd2  Healthy
 Container hg-pd2  Healthy
 Container hg-pd0  Healthy
 Container hg-pd1  Healthy
 Container hg-pd0  Healthy
 Container hg-store0  Starting
 Container hg-store0  Started
 Container hg-store0  Waiting
 Container hg-store1  Waiting
 Container hg-store2  Waiting
 Container hg-store1  Waiting
 Container hg-store2  Waiting
 Container hg-store0  Waiting
 Container hg-store1  Waiting
 Container hg-store2  Waiting
 Container hg-store0  Waiting
 Container hg-store2  Healthy
 Container hg-store2  Healthy
 Container hg-store1  Healthy
 Container hg-store2  Healthy
 Container hg-store1  Healthy
 Container hg-store1  Healthy
 Container hg-store0  Healthy
 Container hg-store0  Healthy
 Container hg-store0  Healthy
 Container hg-pd0  Stopping
 Container hg-pd0  Stopped
curl: (28) Connection timed out after 10000 milliseconds
 Container hg-pd0  Starting
 Container hg-pd0  Started
 Container hg-store0  Stopping
 Container hg-store0  Stopped
 Container hg-pd0  Waiting
 Container hg-pd1  Waiting
 Container hg-pd2  Waiting
 Container hg-pd0  Healthy
 Container hg-pd1  Healthy
 Container hg-pd2  Healthy
 Container hg-store0  Starting
 Container hg-store0  Started
cluster smoke passed fixture=rust-gate-20260913114719
