 Container hg-pd1  Running
 Container hg-pd2  Running
 Container hg-pd0  Running
 Container hg-store2  Running
 Container hg-store1  Running
 Container hg-store0  Running
 Container hg-server1  Running
 Container hg-server2  Running
 Container hg-server0  Running
 Container hg-pd1  Waiting
 Container hg-pd2  Waiting
 Container hg-pd1  Waiting
 Container hg-pd2  Waiting
 Container hg-pd0  Waiting
 Container hg-pd0  Waiting
 Container hg-pd1  Waiting
 Container hg-pd2  Waiting
 Container hg-pd0  Waiting
 Container hg-pd1  Healthy
 Container hg-pd0  Healthy
 Container hg-pd2  Healthy
 Container hg-pd0  Healthy
 Container hg-pd1  Healthy
 Container hg-pd2  Healthy
 Container hg-pd0  Healthy
 Container hg-pd1  Healthy
 Container hg-pd2  Healthy
 Container hg-store2  Waiting
 Container hg-store0  Waiting
 Container hg-store1  Waiting
 Container hg-store2  Waiting
 Container hg-store0  Waiting
 Container hg-store1  Waiting
 Container hg-store2  Waiting
 Container hg-store0  Waiting
 Container hg-store1  Waiting
 Container hg-store0  Healthy
 Container hg-store1  Healthy
 Container hg-store2  Healthy
 Container hg-store0  Healthy
 Container hg-store0  Healthy
 Container hg-store2  Healthy
 Container hg-store2  Healthy
 Container hg-store1  Healthy
 Container hg-store1  Healthy
HTTP 202
HTTP 201
{"exception":"class org.apache.hugegraph.store.client.type.HgStoreClientException","message":"org.apache.hugegraph.store.client.type.HgStoreClientException: {sessionInfo: {storeNodeSession: {storeNode: {address: \"store0:8500\", nodeId: 3494178016504003466}, graphName: \"DEFAULT/hugegraph/g\"}}, reason: \"PARTITION_FAULT_TYPE_NOT_LOCAL, fault_type: PARTITION_FAULT_TYPE_NOT_LOCAL\n\"}","cause":"org.apache.hugegraph.store.client.type.HgStoreClientException: org.apache.hugegraph.store.client.type.HgStoreClientException: {sessionInfo: {storeNodeSession: {storeNode: {address: \"store0:8500\", nodeId: 3494178016504003466}, graphName: \"DEFAULT/hugegraph/g\"}}, reason: \"PARTITION_FAULT_TYPE_NOT_LOCAL, fault_type: PARTITION_FAULT_TYPE_NOT_LOCAL\n\"}","trace":["org.apache.hugegraph.store.client.type.HgStoreClientException.of(HgStoreClientException.java:42)","org.apache.hugegraph.store.client.NodeTxExecutor.lambda$retryingInvoke$15(NodeTxExecutor.java:402)","java.base/java.util.stream.ReferencePipeline$3$1.accept(Unknown Source)","java.base/java.util.stream.IntPipeline$1$1.accept(Unknown Source)","java.base/java.util.stream.Streams$RangeIntSpliterator.tryAdvance(Unknown Source)","java.base/java.util.stream.IntPipeline.forEachWithCancel(Unknown Source)","java.base/java.util.stream.AbstractPipeline.copyIntoWithCancel(Unknown Source)","java.base/java.util.stream.AbstractPipeline.copyInto(Unknown Source)","java.base/java.util.stream.AbstractPipeline.wrapAndCopyInto(Unknown Source)","java.base/java.util.stream.FindOps$FindOp.evaluateSequential(Unknown Source)","java.base/java.util.stream.AbstractPipeline.evaluate(Unknown Source)","java.base/java.util.stream.ReferencePipeline.findFirst(Unknown Source)","org.apache.hugegraph.store.client.NodeTxExecutor.retryingInvoke(NodeTxExecutor.java:410)","org.apache.hugegraph.store.client.NodeTxExecutor.doCommit(NodeTxExecutor.java:120)","org.apache.hugegraph.store.client.NodeTxExecutor.commitTx(NodeTxExecutor.java:100)","org.apache.hugegraph.store.client.NodeTxSessionProxy.commit(NodeTxSessionProxy.java:118)","org.apache.hugegraph.backend.store.hstore.HstoreSessionsImpl$HstoreSession.commit(HstoreSessionsImpl.java:464)","org.apache.hugegraph.backend.store.hstore.HstoreSessionsImpl$HstoreSession.commit(HstoreSessionsImpl.java:415)","org.apache.hugegraph.backend.store.hstore.HstoreStore.commitTx(HstoreStore.java:691)","org.apache.hugegraph.backend.tx.AbstractTransaction.commitMutation2Backend(AbstractTransaction.java:320)","org.apache.hugegraph.backend.cache.CachedGraphTransaction.commitMutation2Backend(CachedGraphTransaction.java:462)","org.apache.hugegraph.backend.tx.IndexableTransaction.commit2Backend(IndexableTransaction.java:55)","org.apache.hugegraph.backend.tx.AbstractTransaction.commit(AbstractTransaction.java:236)","org.apache.hugegraph.backend.tx.GraphTransaction.commit(GraphTransaction.java:515)","org.apache.hugegraph.StandardHugeGraph$Txs.commit(StandardHugeGraph.java:1348)","org.apache.hugegraph.StandardHugeGraph$TinkerPopTransaction.doCommit(StandardHugeGraph.java:1731)","org.apache.tinkerpop.gremlin.structure.util.AbstractTransaction.commit(AbstractTransaction.java:104)","org.apache.hugegraph.StandardHugeGraph$TinkerPopTransaction.commit(StandardHugeGraph.java:1697)","org.apache.hugegraph.api.API.commit(API.java:159)","org.apache.hugegraph.api.graph.VertexAPI.create(VertexAPI.java:99)","java.base/jdk.internal.reflect.NativeMethodAccessorImpl.invoke0(Native Method)","java.base/jdk.internal.reflect.NativeMethodAccessorImpl.invoke(Unknown Source)","java.base/jdk.internal.reflect.DelegatingMethodAccessorImpl.invoke(Unknown Source)","java.base/java.lang.reflect.Method.invoke(Unknown Source)","org.glassfish.jersey.server.model.internal.ResourceMethodInvocationHandlerFactory.lambda$static$0(ResourceMethodInvocationHandlerFactory.java:52)","org.glassfish.jersey.server.model.internal.AbstractJavaResourceMethodDispatcher$1.run(AbstractJavaResourceMethodDispatcher.java:124)","org.glassfish.jersey.server.model.internal.AbstractJavaResourceMethodDispatcher.invoke(AbstractJavaResourceMethodDispatcher.java:167)","org.glassfish.jersey.server.model.internal.JavaResourceMethodDispatcherProvider$TypeOutInvoker.doDispatch(JavaResourceMethodDispatcherProvider.java:219)","org.glassfish.jersey.server.model.internal.AbstractJavaResourceMethodDispatcher.dispatch(AbstractJavaResourceMethodDispatcher.java:79)","org.glassfish.jersey.server.model.ResourceMethodInvoker.invoke(ResourceMethodInvoker.java:475)","org.glassfish.jersey.server.model.ResourceMethodInvoker.apply(ResourceMethodInvoker.java:397)","org.glassfish.jersey.server.model.ResourceMethodInvoker.apply(ResourceMethodInvoker.java:81)","org.glassfish.jersey.server.ServerRuntime$1.run(ServerRuntime.java:255)","org.glassfish.jersey.internal.Errors$1.call(Errors.java:248)","org.glassfish.jersey.internal.Errors$1.call(Errors.java:244)","org.glassfish.jersey.internal.Errors.process(Errors.java:292)","org.glassfish.jersey.internal.Errors.process(Errors.java:274)","org.glassfish.jersey.internal.Errors.process(Errors.java:244)","org.glassfish.jersey.process.internal.RequestScope.runInScope(RequestScope.java:265)","org.glassfish.jersey.server.ServerRuntime.process(ServerRuntime.java:234)","org.glassfish.jersey.server.ApplicationHandler.handle(ApplicationHandler.java:684)","org.glassfish.jersey.grizzly2.httpserver.GrizzlyHttpContainer.service(GrizzlyHttpContainer.java:356)","org.glassfish.grizzly.http.server.HttpHandler$1.run(HttpHandler.java:190)","org.glassfish.grizzly.threadpool.AbstractThreadPool$Worker.doWork(AbstractThreadPool.java:535)","org.glassfish.grizzly.threadpool.AbstractThreadPool$Worker.run(AbstractThreadPool.java:515)","java.base/java.lang.Thread.run(Unknown Source)"]}HTTP 500
