 Container hg-pd1  Running
 Container hg-pd0  Running
 Container hg-pd2  Running
 Container hg-store2  Running
 Container hg-store1  Running
 Container hg-store0  Running
 Container hg-server1  Running
 Container hg-server0  Running
 Container hg-server2  Running
 Container hg-pd2  Waiting
 Container hg-pd0  Waiting
 Container hg-pd1  Waiting
 Container hg-pd1  Waiting
 Container hg-pd2  Waiting
 Container hg-pd0  Waiting
 Container hg-pd0  Waiting
 Container hg-pd1  Waiting
 Container hg-pd2  Waiting
 Container hg-pd2  Healthy
 Container hg-pd2  Healthy
 Container hg-pd1  Healthy
 Container hg-pd1  Healthy
 Container hg-pd0  Healthy
 Container hg-pd0  Healthy
 Container hg-pd0  Healthy
 Container hg-pd2  Healthy
 Container hg-pd1  Healthy
 Container hg-store1  Waiting
 Container hg-store2  Waiting
 Container hg-store0  Waiting
 Container hg-store2  Waiting
 Container hg-store0  Waiting
 Container hg-store0  Waiting
 Container hg-store1  Waiting
 Container hg-store1  Waiting
 Container hg-store2  Waiting
 Container hg-store2  Healthy
 Container hg-store0  Healthy
 Container hg-store1  Healthy
 Container hg-store2  Healthy
 Container hg-store0  Healthy
 Container hg-store1  Healthy
 Container hg-store2  Healthy
 Container hg-store1  Healthy
 Container hg-store0  Healthy
curl: (22) The requested URL returned error: 500
