   Compiling hugegraph-partition-poc v0.1.0 (/home/zy/code/hugegraph/tools/rust-partition-poc)
    Finished `release` profile [optimized + debuginfo] target(s) in 0.46s
     Running unittests src/lib.rs (target/release/deps/hugegraph_partition_poc-1b9833d76eb2f22a)

running 19 tests
test cache_counterexamples::rejects_equal_version_with_different_range ... ok
test cache_counterexamples::rejects_future_version_against_fixed_reference ... ok
test cache_tests::invalidation_requires_latest_value ... ok
test recovery_tests::replay_rejects_corrupt_restart_state ... ok
test recovery_tests::replay_rejects_duplicate_stale_event ... ok
test cache_tests::latest_cache_value_is_equivalent_to_source ... ok
test recovery_tests::replay_rejects_unknown_partition_event ... ok
test recovery_tests::replay_is_deterministic ... ok
test tests::catches_dropped_right_partition ... ok
test tests::catches_overlap ... ok
test tests::baseline_is_valid ... ok
test tests::rejects_empty_partitions ... ok
test tests::heartbeat_is_idempotent ... ok
test tests::rejects_end_beyond_max ... ok
test tests::rejects_nonzero_first_start ... ok
test tests::rejects_heartbeat_with_either_range_field_mismatch ... ok
test tests::rejects_stale_heartbeat ... ok
test tests::rejects_zero_length_range ... ok
test tests::range_coverage_does_not_order_unrelated_versions ... ok

test result: ok. 19 passed; 0 failed; 0 ignored; 0 measured; 0 filtered out; finished in 0.00s

     Running unittests src/main.rs (target/release/deps/hugegraph_partition_poc-55beacd6595da95c)

running 0 tests

test result: ok. 0 passed; 0 failed; 0 ignored; 0 measured; 0 filtered out; finished in 0.00s

   Doc-tests hugegraph_partition_poc

running 0 tests

test result: ok. 0 passed; 0 failed; 0 ignored; 0 measured; 0 filtered out; finished in 0.00s

